  2026-09-02 09:54:30 App\Mail\AdminRegistrationMail ................. RUNNING
  2026-09-02 09:54:32 App\Mail\AdminRegistrationMail ................. 2s DONE
  2026-09-02 09:54:32 App\Mail\OtpMail ............................... RUNNING
  2026-09-02 09:54:33 App\Mail\OtpMail ......................... 898.44ms DONE
  2026-09-07 00:02:33 App\Mail\AdminRegistrationMail ................. RUNNING
  2026-09-07 00:02:38 App\Mail\AdminRegistrationMail ................. 4s DONE
  2026-09-07 00:02:38 App\Mail\OtpMail ............................... RUNNING
  2026-09-07 00:02:39 App\Mail\OtpMail ............................... 1s DONE
  2026-09-07 00:20:02 App\Mail\AdminRegistrationMail ................. RUNNING
  2026-09-07 00:20:05 App\Mail\AdminRegistrationMail ................. 2s DONE
  2026-09-07 00:20:05 App\Mail\OtpMail ............................... RUNNING
  2026-09-07 00:20:06 App\Mail\OtpMail ............................... 1s DONE
  2026-09-07 00:36:38 App\Mail\AdminRegistrationMail ................. RUNNING
  2026-09-07 00:36:40 App\Mail\AdminRegistrationMail ................. 2s DONE
  2026-09-07 00:36:40 App\Mail\OtpMail ............................... RUNNING
  2026-09-07 00:36:41 App\Mail\OtpMail ......................... 847.37ms DONE
  2026-09-07 00:38:05 App\Mail\Evaluator\Registration\NewCampRegistrationNotificationForDirector  RUNNING
  2026-09-07 00:38:05 App\Mail\Evaluator\Registration\NewCampRegistrationNotificationForDirector  59.54ms FAIL
  2026-09-07 00:38:05 App\Mail\Evaluator\Registration\NewCampRegistrationNotificationForDirector  RUNNING
  2026-09-07 00:38:07 App\Mail\Evaluator\Registration\NewCampRegistrationNotificationForDirector  2s DONE
  2026-09-07 00:38:07 App\Mail\Evaluator\Registration\CampRegistrationConfirmationForEvaluator  RUNNING
  2026-09-07 00:38:08 App\Mail\Evaluator\Registration\CampRegistrationConfirmationForEvaluator  774.37ms DONE
  2026-09-07 01:40:59 App\Mail\AdminRegistrationMail ................. RUNNING
  2026-09-07 01:41:01 App\Mail\AdminRegistrationMail ................. 2s DONE
  2026-09-07 01:41:01 App\Mail\OtpMail ............................... RUNNING
  2026-09-07 01:41:02 App\Mail\OtpMail ......................... 720.43ms DONE
  2026-09-07 01:42:23 App\Mail\Evaluator\Registration\NewCampRegistrationNotificationForDirector  RUNNING
  2026-09-07 01:42:23 App\Mail\Evaluator\Registration\NewCampRegistrationNotificationForDirector  11.71ms FAIL
  2026-09-07 01:42:23 App\Mail\Evaluator\Registration\NewCampRegistrationNotificationForDirector  RUNNING
  2026-09-07 01:42:25 App\Mail\Evaluator\Registration\NewCampRegistrationNotificationForDirector  2s DONE
  2026-09-07 01:42:25 App\Mail\Evaluator\Registration\CampRegistrationConfirmationForEvaluator  RUNNING
  2026-09-07 01:42:26 App\Mail\Evaluator\Registration\CampRegistrationConfirmationForEvaluator  665.14ms DONE
  2026-09-07 16:51:45 App\Mail\Evaluator\Registration\NewCampRegistrationNotificationForDirector  RUNNING
  2026-09-07 16:51:47 App\Mail\Evaluator\Registration\NewCampRegistrationNotificationForDirector  2s DONE
  2026-09-07 16:51:47 App\Mail\Evaluator\Registration\CampRegistrationConfirmationForEvaluator  RUNNING
  2026-09-07 16:51:48 App\Mail\Evaluator\Registration\CampRegistrationConfirmationForEvaluator  779.77ms DONE
  2026-09-07 16:56:03 App\Mail\AdminRegistrationMail ................. RUNNING
  2026-09-07 16:56:06 App\Mail\AdminRegistrationMail ................. 2s DONE
  2026-09-07 16:56:06 App\Mail\OtpMail ............................... RUNNING
  2026-09-07 16:56:07 App\Mail\OtpMail ......................... 874.79ms DONE
  2026-09-07 18:10:08 App\Mail\AdminRegistrationMail ................. RUNNING
  2026-09-07 18:10:10 App\Mail\AdminRegistrationMail ................. 2s DONE
  2026-09-07 18:10:10 App\Mail\OtpMail ............................... RUNNING
  2026-09-07 18:10:11 App\Mail\OtpMail ......................... 788.30ms DONE
  2026-09-07 18:11:14 App\Mail\AdminRegistrationMail ................. RUNNING
  2026-09-07 18:11:14 App\Mail\AdminRegistrationMail ............ 11.04ms FAIL
  2026-09-07 18:11:14 App\Mail\OtpMail ............................... RUNNING
  2026-09-07 18:11:16 App\Mail\OtpMail ............................... 2s DONE
  2026-09-07 18:11:16 App\Mail\AdminRegistrationMail ................. RUNNING
  2026-09-07 18:11:17 App\Mail\AdminRegistrationMail ........... 799.52ms DONE
  2026-09-07 19:52:41 App\Mail\AdminRegistrationMail ................. RUNNING
  2026-09-07 19:52:44 App\Mail\AdminRegistrationMail ................. 2s DONE
  2026-09-07 19:52:44 App\Mail\OtpMail ............................... RUNNING
  2026-09-07 19:52:44 App\Mail\OtpMail ......................... 787.98ms DONE
  2026-09-07 19:54:32 App\Mail\Evaluator\Registration\NewCampRegistrationNotificationForDirector  RUNNING
  2026-09-07 19:54:35 App\Mail\Evaluator\Registration\NewCampRegistrationNotificationForDirector  2s DONE
  2026-09-07 19:54:38 App\Mail\Evaluator\Registration\CampRegistrationConfirmationForEvaluator  RUNNING
  2026-09-07 19:54:38 App\Mail\Evaluator\Registration\CampRegistrationConfirmationForEvaluator  735.53ms DONE
  2026-09-07 20:20:56 App\Mail\AdminRegistrationMail ................. RUNNING
  2026-09-07 20:20:58 App\Mail\AdminRegistrationMail ................. 2s DONE
  2026-09-07 20:20:58 App\Mail\OtpMail ............................... RUNNING
  2026-09-07 20:21:00 App\Mail\OtpMail ............................... 1s DONE
  2026-09-07 20:21:51 App\Mail\Evaluator\Registration\NewCampRegistrationNotificationForDirector  RUNNING
  2026-09-07 20:21:51 App\Mail\Evaluator\Registration\NewCampRegistrationNotificationForDirector  14.20ms FAIL
  2026-09-07 20:21:51 App\Mail\Evaluator\Registration\NewCampRegistrationNotificationForDirector  RUNNING
  2026-09-07 20:21:53 App\Mail\Evaluator\Registration\NewCampRegistrationNotificationForDirector  2s DONE
  2026-09-07 20:21:56 App\Mail\Evaluator\Registration\CampRegistrationConfirmationForEvaluator  RUNNING
  2026-09-07 20:21:57 App\Mail\Evaluator\Registration\CampRegistrationConfirmationForEvaluator  793.05ms DONE
